<html>
<body>
<pre>
<h1>礦ision Build Log</h1>
<h2>Project:</h2>
D:\Qianrushi\QT上位机\Usart\STM32程序\USER\USART.uvprojx
Project File Date:  10/19/2021

<h2>Output:</h2>
Build target 'USART'
compiling main.c...
main.c(22): warning:  #177-D: variable "t" was declared but never referenced
        u16 t;  
main.c(23): warning:  #177-D: variable "len" was declared but never referenced
        u16 len;        
main.c: 2 warnings, 0 errors
linking...
Program Size: Code=6980 RO-data=336 RW-data=56 ZI-data=1832  
FromELF: creating hex file...
"..\OBJ\USART.axf" - 0 Error(s), 2 Warning(s).
</pre>
</body>
</html>
