<html>
<body>
<pre>
<h1>礦ision Build Log</h1>
<h2>Tool Versions:</h2>
IDE-Version: μVision V5.14.0.0
Copyright (C) 2015 ARM Ltd and ARM Germany GmbH. All rights reserved.
License Information: aming aming, aming, LIC=----
 
Tool Versions:
Toolchain:       MDK-Lite  Version: 5.14.0.0
Toolchain Path:  D:\Soft\Study Soft\Keil5\ARM\ARMCC\Bin
C Compiler:      Armcc.exe V5.05 update 1 (build 106)
Assembler:       Armasm.exe V5.05 update 1 (build 106)
Linker/Locator:  ArmLink.exe V5.05 update 1 (build 106)
Library Manager: ArmAr.exe V5.05 update 1 (build 106)
Hex Converter:   FromElf.exe V5.05 update 1 (build 106)
CPU DLL:         SARMCM3.DLL V5.14.0.0
Dialog DLL:      DARMSTM.DLL V1.65.0.0
Target DLL:      STLink\ST-LINKIII-KEIL_SWO.dll V2.0.6.0_KEIL
Dialog DLL:      TARMSTM.DLL V1.64.0.0
 
<h2>Project:</h2>
D:\系统文件\桌面\2022.5.20ddl合泰资料\STM32F103C8T6 Car\USER\Template.uvprojx
Project File Date:  06/07/2022

<h2>Output:</h2>
Build target 'Template'
compiling main.c...
..\HARDWARE\OLED\oled.h(54): warning:  #1295-D: Deprecated declaration OLED_ShowCar - give arg types
  void OLED_ShowCar();
..\HARDWARE\OLED\oled.h(55): warning:  #1295-D: Deprecated declaration OLED_ShowYangM - give arg types
  void OLED_ShowYangM();
..\HARDWARE\OLED\oled.h(56): warning:  #1295-D: Deprecated declaration OLED_ShowJr - give arg types
  void OLED_ShowJr();
..\HARDWARE\USART2\usart2.h(15): warning:  #1-D: last line of file ends without a newline
  #endif
..\HARDWARE\USART3\usart3.h(23): warning:  #1-D: last line of file ends without a newline
  #endif
main.c(42): warning:  #223-D: function "LED_Init" declared implicitly
        LED_Init();
main.c(224): warning:  #1-D: last line of file ends without a newline
  }
main.c(30): warning:  #177-D: variable "str" was declared but never referenced
        char *str="hello world";
main.c(31): warning:  #177-D: variable "hsjc_flag" was declared but never referenced
        u8 hsjc_flag=1;
main.c: 9 warnings, 0 errors
linking...
Program Size: Code=9178 RO-data=2342 RW-data=4576 ZI-data=1056  
FromELF: creating hex file...
"..\OBJ\Template.axf" - 0 Error(s), 9 Warning(s).

<h2>Collection of Component include folders:</h2>
  D:\系统文件\桌面\2022.5.20ddl合泰资料\STM32F103C8T6 Car\USER\RTE
  D:\Soft\Study Soft\Keil5\ARM\PACK\Keil\STM32F1xx_DFP\2.4.0

<h2>Collection of Component Files used:</h2>
</pre>
</body>
</html>
